# serializer version: 1
# name: test_full_scan_use_case_snapshot
  '''
  {
    "items": [
      {
        "category": "system_cache",
        "confidence": "verified",
        "description": "Docker Desktop WSL virtual disk",
        "id": "<UUID>",
        "is_reclaimable": false,
        "last_modified": "<TIMESTAMP>",
        "metadata": {
          "provider": "docker_desktop",
          "type": "wsl_vhdx"
        },
        "owner": null,
        "path": "<TMP_PATH>/AppData/Local/Docker/wsl/data/ext4.vhdx",
        "risk_level": "high",
        "size_bytes": 1000
      },
      {
        "category": "chrome_ai_model",
        "confidence": "verified",
        "description": "Chrome AI Model Storage (OptGuideOnDeviceModel)",
        "id": "<UUID>",
        "is_reclaimable": true,
        "last_modified": null,
        "metadata": {},
        "owner": null,
        "path": "<TMP_PATH>/AppData/Local/Google/Chrome/User Data/OptGuideOnDeviceModel",
        "risk_level": "low",
        "size_bytes": 200
      },
      {
        "category": "system_cache",
        "confidence": "verified",
        "description": "WSL Distribution Disk: CanonicalGroupLimited.Ubuntu",
        "id": "<UUID>",
        "is_reclaimable": false,
        "last_modified": "<TIMESTAMP>",
        "metadata": {
          "disk_type": "ext4.vhdx",
          "distribution": "CanonicalGroupLimited.Ubuntu"
        },
        "owner": null,
        "path": "<TMP_PATH>/AppData/Local/Packages/CanonicalGroupLimited.Ubuntu_123/LocalState/ext4.vhdx",
        "risk_level": "high",
        "size_bytes": 2000
      },
      {
        "category": "unknown",
        "confidence": "probable",
        "description": "Python 3.11 Installation",
        "id": "<UUID>",
        "is_reclaimable": true,
        "last_modified": null,
        "metadata": {
          "is_duplicate": true,
          "primary_path": "<TMP_PATH>/Program Files/Python/Python311",
          "version": "3.11"
        },
        "owner": null,
        "path": "<TMP_PATH>/AppData/Local/Programs/Python/Python311",
        "risk_level": "high",
        "size_bytes": 0
      },
      {
        "category": "python_cache",
        "confidence": "verified",
        "description": "Pip package download cache",
        "id": "<UUID>",
        "is_reclaimable": true,
        "last_modified": null,
        "metadata": {},
        "owner": null,
        "path": "<TMP_PATH>/AppData/Local/pip/cache",
        "risk_level": "safe",
        "size_bytes": 500
      },
      {
        "category": "unknown",
        "confidence": "verified",
        "description": "Python 3.11 Installation",
        "id": "<UUID>",
        "is_reclaimable": false,
        "last_modified": null,
        "metadata": {
          "is_duplicate": false,
          "primary_path": null,
          "version": "3.11"
        },
        "owner": null,
        "path": "<TMP_PATH>/Program Files/Python/Python311",
        "risk_level": "high",
        "size_bytes": 0
      }
    ],
    "statistics": {
      "analyzers_failed": 0,
      "analyzers_run": 4,
      "directories_scanned": 0,
      "permission_errors": 0,
      "skipped_paths": 0,
      "total_analyzers": 4
    },
    "summary": {
      "high_items": 4,
      "low_items": 1,
      "moderate_items": 0,
      "reclaimable_size_bytes": 700,
      "safe_items": 1,
      "total_items": 6,
      "total_size_bytes": 3700
    }
  }
  '''
# ---
